# 1. 新建用户

## 1.1.  登录 方式 

### 1.1.1 本地数据库登录 

- 方式1、sql plus 快捷图标

```base
SQL*Plus: Release 12.2.0.1.0 Production on 星期四 11月 28 22:29:38 2019

Copyright (c) 1982, 2016, Oracle.  All rights reserved.


请输入用户名:  system
输入口令:
上次成功登录时间: 星期四 11月 28 2019 22:24:00 +08:00

连接到:
Oracle Database 12c Enterprise Edition Release 12.2.0.1.0 - 64bit Production

```

- 方式2 、cmd 登录

```base
cmd命令
sqlplus / as sysdba
```

  需要提升权限

```ba
SQL*Plus: Release 12.2.0.1.0 Production on 星期日 12月 1 08:07:16 2019

Copyright (c) 1982, 2016, Oracle.  All rights reserved.


连接到:
Oracle Database 12c Enterprise Edition Release 12.2.0.1.0 - 64bit Production

SQL>


```

## 1.2. 容器相关操作

本章节是一些容器的相关操作

- 当前使用的容器

  ```ba
  SQL> show con_name;
  
  CON_NAME
  ------------------------------
  CDB$ROOT
  SQL>
  
  ```

-  存在的pdb

  ```ba
  SQL> show pdbs;
  
      CON_ID CON_NAME                       OPEN MODE  RESTRICTED
  ---------- ------------------------------ ---------- ----------
           2 PDB$SEED                       READ ONLY  NO
           3 ORCLPDB                        MOUNTED
  SQL>
  
  ```

- 切换容器

  eg: 切换到CDB$ROOT

  ```ba
  SQL>  alter session set container=CDB$ROOT;
  
  会话已更改。
  
  SQL>
  ```

  eg: 切换到 ORCLPDB 

  ```ba
  SQL>  alter session set container=ORCLPDB;
  
  会话已更改。
  
  ```

- 打开指定的pdb

  ```ba
  SQL> alter pluggable database ORCLPDB open ;
  
  插接式数据库已变更。
  
  SQL>
  
  ```

- 关闭指定的pdb

  ```ba
  SQL> alter pluggable database ORCLPDB close ;
  
  插接式数据库已变更。
  
  SQL>
  
  ```

## 1.2. cbd下开始创建用户

- 创建用户 ，必须以c##开头

  ```ba
  SQL> create user c##silianbo identified by silianbo;
  
  用户已创建。
  
  ```



- 授权

  ```ba
  SQL> grant connect,resource to  c##silianbo;
  
  授权成功。
  
  SQL>
  
  ```

  

  ```ba
  SQL> grant connect,resource,dba to  c##silianbo;
  
  授权成功。
  
  ```





## 1.3. pdb下创建对用用户

- 查询cdb下对用的pdb

  ```ba
   SELECT con_id,NAME,OPEN_MODE,restricted from v$PDBS;
  ```

- pdb 通道打开 (**可跳过** )

  ```ba
  SQL> alter pluggable database orclpdb open;
  
  插接式数据库已变更。
  ```

  

- 切换到pdb

  ```ba
  SQL> alter session set container=orclpdb;
  
  会话已更改。
  
  SQL> show con_name;
  
  CON_NAME
  ------------------------------
  ORCLPDB
  ```

  

- 开启(**可跳过** )

  ```ba
  SQL> startup;
  ORA-65019: 可插入数据库 ORCLPDB 已打开
  ```

  

- 创建用户

  ```ba
  SQL> create user silianbo identified by silianbo default tablespace users temporary tablespace temp;
  
  用户已创建。
  ```

  

## 1.4. 用户授权

- 授权

  ```ba
  SQL> grant connect,resource,dba to silianbo;
  
  授权成功。
  ```

  

- 查看用户权限

  ```ba
  SQL> select * from dba_role_privs a where a.grantee = 'SILIANBO';
  
  GRANTEE
  --------------------------------------------------------------------------------
  GRANTED_ROLE
  --------------------------------------------------------------------------------
  ADMIN_ DELEGA DEFAUL COMMON INHERI
  ------ ------ ------ ------ ------
  SILIANBO
  CONNECT
  NO     NO     YES    NO     NO
  
  SILIANBO
  RESOURCE
  NO     NO     YES    NO     NO
  
  GRANTEE
  --------------------------------------------------------------------------------
  GRANTED_ROLE
  --------------------------------------------------------------------------------
  ADMIN_ DELEGA DEFAUL COMMON INHERI
  ------ ------ ------ ------ ------
  
  SILIANBO
  DBA
  NO     NO     YES    NO     NO
  
  
  SQL>
  ```

  

- 移除权限

  ```ba
  SQL>  revoke connect from silianbo;
  
  撤销成功。
  
  SQL>
  ```

  

## 1.5. 配置客户端 tnsnames.ora

-  localhost 有时候要改成计算机名称

  ```ba
  ORCLPDB =
    (DESCRIPTION =
      (ADDRESS = (PROTOCOL = TCP)(HOST = localhost)(PORT = 1521))
      (CONNECT_DATA =
        (SERVER = DEDICATED)
        (SERVICE_NAME = ORCLPDB)
      )
    )
  ```

  

## 1.6.   登录

选择orclpdb 使用刚刚创建的用户登录 

- 操作

  ```ba
  select * from dba_role_privs a where a.grantee = 'SILIANBO';
  select * from user_users; -- 用户信息
  select * from session_privs; --当前用户所拥有的全部权限
  select * from user_sys_privs;--当前用户的系统权限
  select * from user_tab_privs;--当前用户的对象权限
  ```

  






# 2. 删除用户

## 2.1. 删除cdb中的用户
   ```base
SQL>
SQL> drop user c##silianbo;

用户已删除。

SQL>
   ```

## 2.3. 删除pdb中的用户

- 切换到pdb

  ```ba
  SQL> alter session set container=orclpdb;
  
  会话已更改。
  
  SQL>
  
  ```

- 执行删除操作

  ```ba
  SQL> drop user silianbo cascade;
  drop user silianbo
  *
  第 1 行出现错误:
  ORA-01940: 无法删除当前连接的用户
  
  
  SQL>
  ```

- 提示会话被占用，查询会话信息

  ```ba
  SQL> select username,sid,serial# from v$session;
  
  USERNAME
  --------------------------------------------------------------------------------
         SID    SERIAL#
  ---------- ----------
  
        1343      51099
  
  
        1344      23655
  
  SILIANBO
        1345      33494
  ```

  

- 通过kill 和 serial编号终止会话

  ```ba
  SQL> alter system kill session'1345,33494';
  
  
  系统已更改。
  ```

  

- 再次执行删除操作

  ```ba
  SQL> drop user silianbo;
  
  用户已删除。
  
  SQL>
  ```

  ```ba
  SQL> drop user silianbo;
  drop user silianbo
  *
  第 1 行出现错误:
  ORA-01922: 必须指定 CASCADE 以删除 'SILIANBO'
  
  
  SQL>  drop user silianbo cascade;
  
  用户已删除。
  
  SQL>
  ```

# 3. 数据库重启方式

- cmd命令行；

  ```ba
   sqlplus /nolog;
  ```

  ```ba
  SQL*Plus: Release 12.2.0.1.0 Production on 星期日 12月 1 08:43:01 2019
  
  Copyright (c) 1982, 2016, Oracle.  All rights reserved.
  ```

  ```ba
  SQL> conn sys / as sysdba
  输入口令:
  已连接。
  ```

  ```ba
  SQL>  shutdown immediate;
  数据库已经关闭。
  已经卸载数据库。
  ORACLE 例程已经关闭。
  ```

  ```ba
  SQL> startup;
  ORACLE 例程已经启动。
  
  Total System Global Area 1.0301E+10 bytes
  Fixed Size                 12468536 bytes
  Variable Size            2080378568 bytes
  Database Buffers         8187281408 bytes
  Redo Buffers               21082112 bytes
  数据库装载完毕。
  数据库已经打开。
  SQL>
  ```

- 或者window服务中直接重启

# 4. Java开发中连接数据库

具体操作

- 常规配置

- 用户需要解锁或者重置密码

  ```ba
  SQL> ALTER USER silianbo ACCOUNT UNLOCK;
  
  用户已更改。
  
  SQL>
  ```

  ```ba
  SQL> ALTER USER silianbo IDENTIFIED BY silianbo;
  
  用户已更改。
  
  SQL>
  ```

  

以下内容摘自原文：

https://docs.oracle.com/en/database/oracle/oracle-database/12.2/tdpjd/getting-started.html#GUID-8151D549-3FDC-4D59-BC5B-B8F6C57E18D8




 4.1.1.1 Unlocking the HR Schema for the JDBC Application

The `HR` user account, which owns the sample HR schema used for the Java application in this guide, is initially locked. You must log in as a user with administrative privileges (`SYS`) and unlock the account before you can log in as `HR`.

If the database is locally installed, use the **Run SQL Command Line** to unlock the account as follows:

1. To access the **Run SQL Command Line**, from the **Start** menu, select **Programs** (or All Programs), then **Oracle Database 12c Release 2 (12.2)**, and then click **Run SQL Command Line**. Log in as a user with DBA privileges, for example:

   ```
   > CONNECT SYS AS SYSDBA;
   Enter password: password
   ```

2. Run the following command:

   ```
   > ALTER USER HR ACCOUNT UNLOCK;
   ```

   or,

   ```
   > ALTER USER HR IDENTIFIED BY HR;
   ```

3. Test the connection as follows:

   ```
   > CONNECT HR
   Enter password: password
   ```

You should see a message indicating that you have connected to the database.

Note:

For information about creating and using secure passwords with Oracle Database 12*c* Release 2 (12.2), refer to *Oracle Database Security Guide*.

In addition, some of the constraints and triggers present in the `HR` schema are not in line with the scope of the Java application created in this guide. You must remove these constraints and triggers as follows using the following SQL statements:

```
DROP TRIGGER HR.UPDATE_JOB_HISTORY;
DROP TRIGGER HR.SECURE_EMPLOYEES;
DELETE FROM JOB_HISTORY;
```









